Script started on Mon 13 Dec 2010 12:38:30 PM PST
bash-3.2$ ./  cscheckinls[Ktar cvf Ass5.tar client.c server.c bash-3.2$ ls[Kcscheckin[Kcscheckin          ./client wormulon.cs.uidaho.edu 4502
ERROR connecting: Connection refused
bash-3.2$  ./client wormulon.cs.uidaho.edu 4502 .[1P
ERROR connecting: Connection refused
bash-3.2$ end
bash: end: command not found
bash-3.2$ end  script
bash: endscript: command not found
bash-3.2$ script
Script started, file is typescript
bash-3.2$ ps
  PID TTY          TIME CMD
15485 pts/7    00:00:00 bash
15486 pts/7    00:00:00 ps
bash-3.2$ ls
a.out	ass3	  client.c	Krings	    makefile.save  out.txt   socket.cpp
ass1	Ass5.tar  ed.hup	main.c	    max.h	   p.pl      typescript
ass2	ave.h	  findings.txt	maintest.c  min.h	   server
ass2.c	client	  input.txt	makefile    oldserver.c    server.c
bash-3.2$ lspscscheckinls[Ktar cvf Ass5.tar client.c server.c bash-3.2$ [22Pvim client.c bash-3.2$ ls[Kgcc server.c bash-3.2$ vim server.c client.c server.c bash-3.2$ [1P./a.out 4502bash-3.2$ gcc server.c[Kvim server.c bash-3.2$ [1P./a.out 4502bash-3.2$ gcc server.c bash-3.2$ vim server.c bash-3.2$ [1P./a.out 4502            ./client wormulon.cs.uidaho.edu.  4502
Please enter the message: hey
HEY

Please enter the message: am    a Am I in all caps?
AM I IN ALL CAPS?

Please enter the message: oh cool
OH COOL

Please enter the message: 74832\
74832\

Please enter the message: 
bash-3.2$ nano typescript 
[?1049h[1;60r(B[m[4l[?7h[?12l[?25h[?1h=[?1h=[?1h=[39;49m[39;49m(B[m[H[2J(B[0;7m  GNU nano 1.3.12                    File: typescript                                               [58;43H[ Read 0 lines ][59d^G(B[m Get Help     (B[0;7m^O(B[m WriteOut     (B[0;7m^R(B[m Read File    (B[0;7m^Y(B[m Prev Page    (B[0;7m^K(B[m Cut Text     (B[0;7m^C(B[m Cur Pos[60d(B[0;7m^X(B[m Exit[60;17H(B[0;7m^J(B[m Justify	(B[0;7m^W(B[m Where Is     (B[0;7m^V(B[m Next Page    (B[0;7m^U(B[m UnCut Text   (B[0;7m^T(B[m To Spell[3d[58;26H(B[0;7m[ line 1/1 (100%), col 1/1 (100%), char 0/0 (0%) ][3d(B[m[58;40H[1K	(B[0;7m[ Unknown Command ](B[m[K[3d[1;91H(B[0;7mModified[3d(B[mwq [K[58d(B[0;7mSave modified buffer (ANSWERING "No" WILL DESTROY CHANGES) ?                                        [59;1H Y(B[m Yes[K[60d(B[0;7m N(B[m No  [60;18H(B[0;7mC(B[m Cancel[K[58;62H(B[0;7mFile Name to Write: typescript                              [59d^G(B[m Get Help[59;26H(B[0;7m^T(B[m To Files[59;51H(B[0;7mM-M(B[m Mac Format[59;76H(B[0;7mM-P(B[m Prepend[60d(B[0;7m^C(B[m Cancel	         (B[0;7mM-D(B[m DOS Format[60;51H(B[0;7mM-A(B[m Append[60;76H(B[0;7mM-B(B[m Backup File[58;31H[59d[39;49m(B[m[J[1;91H(B[0;7m        [58;42H(B[m[1K (B[0;7m[ Wrote 1 line ](B[m[K[60;100H[60;1H[?1049l[?1l>bash-3.2$ 
bash-3.2$ exit
Script done, file is typescript
bash-3.2$ exit

Script done on Mon 13 Dec 2010 12:40:28 PM PST
